[2026-09-20 00:26:44,427] [INFO] [real_accelerator.py:161:get_accelerator] Setting ds_accelerator to cuda (auto detect)
/data1/xxr_data/new_conda/ofa/lib/python3.9/site-packages/torch_geometric/data/in_memory_dataset.py:284: UserWarning: It is not recommended to directly access the internal storage format `data` of an 'InMemoryDataset'. If you are absolutely certain what you are doing, access the internal storage via `InMemoryDataset._data` instead to suppress this warning. Alternatively, you can access stacked individual attributes of every graph via `dataset.{attr_name}`.
  warnings.warn(msg)
{
  "report_version": 3,
  "mode": "offline_heat_style",
  "strict_heat_reproduction": false,
  "heat_style_comparable": false,
  "embedding_cache_identity_verified": false,
  "task_names": [
    "arxiv"
  ],
  "split": "test",
  "loader_index": 0,
  "full_loader": true,
  "full_dataset_sampling": true,
  "requested_batch_num": -1,
  "configured_sample_size": -1,
  "device": "cuda:0",
  "device_name": "NVIDIA H100 PCIe",
  "torch_version": "2.1.2+cu118",
  "model_dtype": "torch.float32",
  "llm_name": "ST",
  "gnn_model": "PyGRGCNEdge",
  "emb_dim": 768,
  "num_layers": 6,
  "JK": "last",
  "rwpe": null,
  "dropout": 0.0,
  "max_nodes_per_hop": 100,
  "configured_max_nodes_per_hop": 100,
  "seed": 1,
  "graph_batch_size": 64,
  "text_batch_size": 100,
  "max_text_length": 500,
  "num_workers": 0,
  "repeats": 5,
  "warmup_batches_requested": 5,
  "warmup_batches_executed": 5,
  "encode_warmup_batches_requested": 1,
  "encode_warmup_texts": 100,
  "checkpoint": null,
  "checkpoint_loaded": false,
  "weights": "random task-model initialization",
  "sampling_hops": [
    {
      "dataset_type": "SubgraphHierDataset",
      "original_hops": 2,
      "effective_hops": 2,
      "max_nodes_per_hop": 100
    }
  ],
  "text_manifest": [
    {
      "dataset": "arxiv",
      "text_path": "cache_data/arxiv/ST/processed/texts.pkl",
      "text_entries": 172588,
      "text_leaf_groups": 5,
      "text_encoder_micro_batches": 1730
    }
  ],
  "encoded_text_entries": 172588,
  "text_leaf_groups": 5,
  "text_encoder_micro_batches": 1730,
  "measured_batches": 760,
  "measured_graphs": 48603,
  "measured_nodes": 6552487,
  "measured_edges": 22644838,
  "output_values": 1944120,
  "workload_size_consistent_across_repeats": true,
  "encode_seconds": 230.97447552718222,
  "gnn_seconds": 11.567537855148315,
  "gnn_core_seconds": 11.12126336669922,
  "other_seconds": 151.25641638387367,
  "downstream_pipeline_seconds": 162.823954239022,
  "downstream_device_seconds": 11.567537855148315,
  "profiled_total_seconds": 393.7984297662042,
  "encode_ratio": 0.586529701665673,
  "gnn_ratio": 0.029374260994427765,
  "other_ratio": 0.3840960373398993,
  "encode_percent": 58.6529701665673,
  "gnn_percent": 2.9374260994427766,
  "other_percent": 38.409603733989925,
  "gnn_core_percent_of_profiled_total": 2.8241004854442533,
  "gnn_seconds_per_batch": 0.015220444546247783,
  "gnn_core_seconds_per_batch": 0.014633241271972656,
  "timing_stats": {
    "encode_seconds": {
      "median": 230.97447552718222,
      "q1": 230.82798093603924,
      "q3": 231.08363943500444,
      "iqr": 0.25565849896520376,
      "min": 230.6505080680363,
      "max": 231.4296950683929,
      "samples": [
        231.08363943500444,
        230.82798093603924,
        230.6505080680363,
        230.97447552718222,
        231.4296950683929
      ]
    },
    "gnn_seconds": {
      "median": 11.567537855148315,
      "q1": 11.565650371551513,
      "q3": 11.569324627876282,
      "iqr": 0.003674256324769587,
      "min": 11.531790860176086,
      "max": 11.724856835365296,
      "samples": [
        11.724856835365296,
        11.567537855148315,
        11.531790860176086,
        11.565650371551513,
        11.569324627876282
      ]
    },
    "gnn_core_seconds": {
      "median": 11.12126336669922,
      "q1": 11.119845372200013,
      "q3": 11.124618014335633,
      "iqr": 0.004772642135620231,
      "min": 11.087815941810607,
      "max": 11.266621182441712,
      "samples": [
        11.266621182441712,
        11.12126336669922,
        11.087815941810607,
        11.119845372200013,
        11.124618014335633
      ]
    },
    "other_seconds": {
      "median": 151.25641638387367,
      "q1": 150.446205300387,
      "q3": 151.32102321489157,
      "iqr": 0.8748179145045754,
      "min": 149.95374799874426,
      "max": 157.55646507856994,
      "samples": [
        157.55646507856994,
        151.25641638387367,
        149.95374799874426,
        151.32102321489157,
        150.446205300387
      ]
    },
    "downstream_pipeline_seconds": {
      "median": 162.823954239022,
      "q1": 162.01552992826328,
      "q3": 162.88667358644307,
      "iqr": 0.8711436581797898,
      "min": 161.48553885892034,
      "max": 169.28132191393524,
      "samples": [
        169.28132191393524,
        162.823954239022,
        161.48553885892034,
        162.88667358644307,
        162.01552992826328
      ]
    },
    "downstream_device_seconds": {
      "median": 11.567537855148315,
      "q1": 11.565650371551513,
      "q3": 11.569324627876282,
      "iqr": 0.003674256324769587,
      "min": 11.531790860176086,
      "max": 11.724856835365296,
      "samples": [
        11.724856835365296,
        11.567537855148315,
        11.531790860176086,
        11.565650371551513,
        11.569324627876282
      ]
    },
    "loader_wait_seconds": {
      "median": 143.08401236543432,
      "q1": 142.22355679189786,
      "q3": 143.08569264225662,
      "iqr": 0.8621358503587544,
      "min": 141.73147766152397,
      "max": 149.4079366181977,
      "samples": [
        149.4079366181977,
        143.08401236543432,
        141.73147766152397,
        143.08569264225662,
        142.22355679189786
      ]
    },
    "device_transfer_seconds": {
      "median": 7.935089078903198,
      "q1": 7.87654960536957,
      "q3": 7.9414737396240245,
      "iqr": 0.0649241342544542,
      "min": 7.840694629669189,
      "max": 7.944237841606142,
      "samples": [
        7.840694629669189,
        7.87654960536957,
        7.935089078903198,
        7.944237841606142,
        7.9414737396240245
      ]
    },
    "paired_profiled_total_seconds": {
      "median": 393.6519351750612,
      "q1": 393.4452249966562,
      "q3": 393.8611491136253,
      "iqr": 0.4159241169691086,
      "min": 392.1360469269566,
      "max": 400.3649613489397,
      "samples": [
        400.3649613489397,
        393.6519351750612,
        392.1360469269566,
        393.8611491136253,
        393.4452249966562
      ]
    }
  },
  "runs": [
    {
      "repeat": 1,
      "encode_seconds": 231.08363943500444,
      "pipeline_wall_seconds": 169.28132191393524,
      "gnn_seconds": 11.724856835365296,
      "gnn_core_seconds": 11.266621182441712,
      "other_seconds": 157.55646507856994,
      "downstream_device_seconds": 11.724856835365296,
      "downstream_noncore_device_seconds": 0.4582356529235838,
      "device_pipeline_seconds": 19.565551465034485,
      "device_transfer_seconds": 7.840694629669189,
      "loader_wait_seconds": 149.4079366181977,
      "measured_batches": 760,
      "measured_graphs": 48603,
      "measured_nodes": 6552487,
      "measured_edges": 22644838,
      "output_values": 1944120,
      "nodes_per_batch": {
        "median": 8637.0,
        "q1": 8403.75,
        "q3": 8863.0,
        "iqr": 459.25,
        "min": 3561.0,
        "max": 9650.0
      },
      "edges_per_batch": {
        "median": 29666.0,
        "q1": 28414.0,
        "q3": 31227.5,
        "iqr": 2813.5,
        "min": 10940.0,
        "max": 36582.0
      },
      "other_was_clamped": false,
      "encode_gpu_peak_allocated_bytes": 4392042496,
      "encode_gpu_peak_increment_bytes": 4091899904,
      "graph_gpu_peak_allocated_bytes": 829775872,
      "graph_gpu_peak_increment_bytes": 699341312,
      "profiled_total_seconds": 400.3649613489397,
      "encode_percent": 57.71824753505404,
      "gnn_percent": 2.9285421970646555,
      "other_percent": 39.3532102678813
    },
    {
      "repeat": 2,
      "encode_seconds": 230.82798093603924,
      "pipeline_wall_seconds": 162.823954239022,
      "gnn_seconds": 11.567537855148315,
      "gnn_core_seconds": 11.12126336669922,
      "other_seconds": 151.25641638387367,
      "downstream_device_seconds": 11.567537855148315,
      "downstream_noncore_device_seconds": 0.44627448844909523,
      "device_pipeline_seconds": 19.444087460517885,
      "device_transfer_seconds": 7.87654960536957,
      "loader_wait_seconds": 143.08401236543432,
      "measured_batches": 760,
      "measured_graphs": 48603,
      "measured_nodes": 6552487,
      "measured_edges": 22644838,
      "output_values": 1944120,
      "nodes_per_batch": {
        "median": 8637.0,
        "q1": 8403.75,
        "q3": 8863.0,
        "iqr": 459.25,
        "min": 3561.0,
        "max": 9650.0
      },
      "edges_per_batch": {
        "median": 29666.0,
        "q1": 28414.0,
        "q3": 31227.5,
        "iqr": 2813.5,
        "min": 10940.0,
        "max": 36582.0
      },
      "other_was_clamped": false,
      "encode_gpu_peak_allocated_bytes": 4392042496,
      "encode_gpu_peak_increment_bytes": 4091899904,
      "graph_gpu_peak_allocated_bytes": 829775872,
      "graph_gpu_peak_increment_bytes": 699341312,
      "profiled_total_seconds": 393.6519351750612,
      "encode_percent": 58.63758318205335,
      "gnn_percent": 2.938519240354834,
      "other_percent": 38.42389757759182
    },
    {
      "repeat": 3,
      "encode_seconds": 230.6505080680363,
      "pipeline_wall_seconds": 161.48553885892034,
      "gnn_seconds": 11.531790860176086,
      "gnn_core_seconds": 11.087815941810607,
      "other_seconds": 149.95374799874426,
      "downstream_device_seconds": 11.531790860176086,
      "downstream_noncore_device_seconds": 0.44397491836547864,
      "device_pipeline_seconds": 19.466879939079284,
      "device_transfer_seconds": 7.935089078903198,
      "loader_wait_seconds": 141.73147766152397,
      "measured_batches": 760,
      "measured_graphs": 48603,
      "measured_nodes": 6552487,
      "measured_edges": 22644838,
      "output_values": 1944120,
      "nodes_per_batch": {
        "median": 8637.0,
        "q1": 8403.75,
        "q3": 8863.0,
        "iqr": 459.25,
        "min": 3561.0,
        "max": 9650.0
      },
      "edges_per_batch": {
        "median": 29666.0,
        "q1": 28414.0,
        "q3": 31227.5,
        "iqr": 2813.5,
        "min": 10940.0,
        "max": 36582.0
      },
      "other_was_clamped": false,
      "encode_gpu_peak_allocated_bytes": 4392042496,
      "encode_gpu_peak_increment_bytes": 4091899904,
      "graph_gpu_peak_allocated_bytes": 829775872,
      "graph_gpu_peak_increment_bytes": 699341312,
      "profiled_total_seconds": 392.1360469269566,
      "encode_percent": 58.819001689737455,
      "gnn_percent": 2.940762766021385,
      "other_percent": 38.24023554424116
    },
    {
      "repeat": 4,
      "encode_seconds": 230.97447552718222,
      "pipeline_wall_seconds": 162.88667358644307,
      "gnn_seconds": 11.565650371551513,
      "gnn_core_seconds": 11.119845372200013,
      "other_seconds": 151.32102321489157,
      "downstream_device_seconds": 11.565650371551513,
      "downstream_noncore_device_seconds": 0.4458049993515001,
      "device_pipeline_seconds": 19.509888213157655,
      "device_transfer_seconds": 7.944237841606142,
      "loader_wait_seconds": 143.08569264225662,
      "measured_batches": 760,
      "measured_graphs": 48603,
      "measured_nodes": 6552487,
      "measured_edges": 22644838,
      "output_values": 1944120,
      "nodes_per_batch": {
        "median": 8637.0,
        "q1": 8403.75,
        "q3": 8863.0,
        "iqr": 459.25,
        "min": 3561.0,
        "max": 9650.0
      },
      "edges_per_batch": {
        "median": 29666.0,
        "q1": 28414.0,
        "q3": 31227.5,
        "iqr": 2813.5,
        "min": 10940.0,
        "max": 36582.0
      },
      "other_was_clamped": false,
      "encode_gpu_peak_allocated_bytes": 4392042496,
      "encode_gpu_peak_increment_bytes": 4091899904,
      "graph_gpu_peak_allocated_bytes": 829775872,
      "graph_gpu_peak_increment_bytes": 699341312,
      "profiled_total_seconds": 393.8611491136253,
      "encode_percent": 58.64363013386431,
      "gnn_percent": 2.936479111377124,
      "other_percent": 38.41989075475857
    },
    {
      "repeat": 5,
      "encode_seconds": 231.4296950683929,
      "pipeline_wall_seconds": 162.01552992826328,
      "gnn_seconds": 11.569324627876282,
      "gnn_core_seconds": 11.124618014335633,
      "other_seconds": 150.446205300387,
      "downstream_device_seconds": 11.569324627876282,
      "downstream_noncore_device_seconds": 0.44470661354064944,
      "device_pipeline_seconds": 19.510798367500307,
      "device_transfer_seconds": 7.9414737396240245,
      "loader_wait_seconds": 142.22355679189786,
      "measured_batches": 760,
      "measured_graphs": 48603,
      "measured_nodes": 6552487,
      "measured_edges": 22644838,
      "output_values": 1944120,
      "nodes_per_batch": {
        "median": 8637.0,
        "q1": 8403.75,
        "q3": 8863.0,
        "iqr": 459.25,
        "min": 3561.0,
        "max": 9650.0
      },
      "edges_per_batch": {
        "median": 29666.0,
        "q1": 28414.0,
        "q3": 31227.5,
        "iqr": 2813.5,
        "min": 10940.0,
        "max": 36582.0
      },
      "other_was_clamped": false,
      "encode_gpu_peak_allocated_bytes": 4392042496,
      "encode_gpu_peak_increment_bytes": 4091899904,
      "graph_gpu_peak_allocated_bytes": 829775872,
      "graph_gpu_peak_increment_bytes": 699341312,
      "profiled_total_seconds": 393.4452249966562,
      "encode_percent": 58.8213251464317,
      "gnn_percent": 2.940517229043664,
      "other_percent": 38.23815762452463
    }
  ],
  "encode_scope": "all text entries in each base dataset texts.pkl: tokenizer + Transformer + pooling + embedding transfer to CPU; disk I/O and cache construction are excluded",
  "gnn_scope": "full model(batch) device execution: input projection, optional RWPE/JK logic, PyGRGCNEdge, and prediction head",
  "gnn_core_scope": "model.model (PyGRGCNEdge) device execution; diagnostic only",
  "other_scope": "full selected-loader wall time minus full GNN device execution; includes sampling, collate, H2D, and host/runtime overhead on the critical path",
  "ratio_scope": "additive phase profile: global encode plus complete selected-loader inference; not one continuous cache-build-to-prediction run",
  "representative_value": "each phase uses its median over repeats; percentages use the sum of those phase medians",
  "embedding_replay_note": "Timed embeddings are discarded. GNN inference consumes the existing offline cache built with the configured encoder, so profiled_total does not include writing or attaching the newly encoded features.",
  "metric_key": "test_arxiv/acc",
  "metric_name": "acc",
  "metric_value": 0.03409254550933838,
  "metric_state": "test_arxiv",
  "metric_scope": "separate untimed loader pass",
  "encoder_model_load_seconds_excluded": 1.9118909500539303,
  "task_model_load_seconds_excluded": 0.13776856707409024,
  "data_preparation_seconds_excluded": 1.491255794186145,
  "warnings": [
    "No checkpoint was loaded; timing is valid, but the task metric uses random weights.",
    "The repository cache has no encoder fingerprint metadata, so matching the offline embedding cache to llm_name, max length, model revision, and pooling configuration must be verified manually."
  ]
}
