[2026-09-19 23:49:19,241] [INFO] [real_accelerator.py:161:get_accelerator] Setting ds_accelerator to cuda (auto detect)
/data1/xxr_data/new_conda/ofa/lib/python3.9/site-packages/torch_geometric/data/in_memory_dataset.py:284: UserWarning: It is not recommended to directly access the internal storage format `data` of an 'InMemoryDataset'. If you are absolutely certain what you are doing, access the internal storage via `InMemoryDataset._data` instead to suppress this warning. Alternatively, you can access stacked individual attributes of every graph via `dataset.{attr_name}`.
  warnings.warn(msg)
{
  "report_version": 3,
  "mode": "offline_heat_style",
  "strict_heat_reproduction": false,
  "heat_style_comparable": true,
  "embedding_cache_identity_verified": false,
  "task_names": [
    "cora_node"
  ],
  "split": "test",
  "loader_index": 0,
  "full_loader": true,
  "full_dataset_sampling": true,
  "requested_batch_num": -1,
  "configured_sample_size": -1,
  "device": "cuda:0",
  "device_name": "NVIDIA H100 PCIe",
  "torch_version": "2.1.2+cu118",
  "model_dtype": "torch.float32",
  "llm_name": "ST",
  "gnn_model": "PyGRGCNEdge",
  "emb_dim": 768,
  "num_layers": 6,
  "JK": "last",
  "rwpe": null,
  "dropout": 0.0,
  "max_nodes_per_hop": 100,
  "configured_max_nodes_per_hop": 100,
  "seed": 1,
  "graph_batch_size": 64,
  "text_batch_size": 100,
  "max_text_length": 500,
  "num_workers": 0,
  "repeats": 5,
  "warmup_batches_requested": 5,
  "warmup_batches_executed": 5,
  "encode_warmup_batches_requested": 1,
  "encode_warmup_texts": 100,
  "checkpoint": "/data1/xxr_data/GNN/GNN-Task_Relation/saved_exp/2026-09-17 17:25:07.738700/full_cdm/e5t7x7gs/checkpoints/epoch=74-step=150.ckpt",
  "checkpoint_loaded": true,
  "weights": "checkpoint",
  "sampling_hops": [
    {
      "dataset_type": "SubgraphHierDataset",
      "original_hops": 2,
      "effective_hops": 2,
      "max_nodes_per_hop": 100
    }
  ],
  "text_manifest": [
    {
      "dataset": "Cora",
      "text_path": "cache_data/Cora/ST/processed/texts.pkl",
      "text_entries": 2821,
      "text_leaf_groups": 5,
      "text_encoder_micro_batches": 33
    }
  ],
  "encoded_text_entries": 2821,
  "text_leaf_groups": 5,
  "text_encoder_micro_batches": 33,
  "measured_batches": 33,
  "measured_graphs": 2068,
  "measured_nodes": 80712,
  "measured_edges": 234126,
  "output_values": 14476,
  "workload_size_consistent_across_repeats": true,
  "encode_seconds": 3.373316183220595,
  "gnn_seconds": 0.32056899070739747,
  "gnn_core_seconds": 0.3074637794494629,
  "other_seconds": 2.9824962170794604,
  "downstream_pipeline_seconds": 3.303065207786858,
  "downstream_device_seconds": 0.32056899070739747,
  "profiled_total_seconds": 6.676381391007453,
  "encode_ratio": 0.505261156554684,
  "gnn_ratio": 0.04801538017872646,
  "other_ratio": 0.4467234632665896,
  "encode_percent": 50.526115655468395,
  "gnn_percent": 4.801538017872646,
  "other_percent": 44.67234632665896,
  "gnn_core_percent_of_profiled_total": 4.605245887594016,
  "gnn_seconds_per_batch": 0.009714211839618105,
  "gnn_core_seconds_per_batch": 0.0093170842257413,
  "timing_stats": {
    "encode_seconds": {
      "median": 3.373316183220595,
      "q1": 3.361894660629332,
      "q3": 3.373621406033635,
      "iqr": 0.011726745404303074,
      "min": 3.3601189157925546,
      "max": 3.463838200084865,
      "samples": [
        3.3601189157925546,
        3.373316183220595,
        3.373621406033635,
        3.361894660629332,
        3.463838200084865
      ]
    },
    "gnn_seconds": {
      "median": 0.32056899070739747,
      "q1": 0.2966418523788452,
      "q3": 0.33281033420562744,
      "iqr": 0.03616848182678223,
      "min": 0.28985775995254515,
      "max": 0.3601909465789795,
      "samples": [
        0.2966418523788452,
        0.28985775995254515,
        0.32056899070739747,
        0.3601909465789795,
        0.33281033420562744
      ]
    },
    "gnn_core_seconds": {
      "median": 0.3074637794494629,
      "q1": 0.28392332553863525,
      "q3": 0.31811497306823733,
      "iqr": 0.034191647529602076,
      "min": 0.278013313293457,
      "max": 0.3441853771209717,
      "samples": [
        0.28392332553863525,
        0.278013313293457,
        0.3074637794494629,
        0.3441853771209717,
        0.31811497306823733
      ]
    },
    "other_seconds": {
      "median": 2.9824962170794604,
      "q1": 2.7216923668533566,
      "q3": 3.2606176707930863,
      "iqr": 0.5389253039397297,
      "min": 2.608821310222149,
      "max": 3.5891558896116913,
      "samples": [
        2.7216923668533566,
        2.608821310222149,
        2.9824962170794604,
        3.5891558896116913,
        3.2606176707930863
      ]
    },
    "downstream_pipeline_seconds": {
      "median": 3.303065207786858,
      "q1": 3.0183342192322016,
      "q3": 3.5934280049987137,
      "iqr": 0.5750937857665122,
      "min": 2.898679070174694,
      "max": 3.9493468361906707,
      "samples": [
        3.0183342192322016,
        2.898679070174694,
        3.303065207786858,
        3.9493468361906707,
        3.5934280049987137
      ]
    },
    "downstream_device_seconds": {
      "median": 0.32056899070739747,
      "q1": 0.2966418523788452,
      "q3": 0.33281033420562744,
      "iqr": 0.03616848182678223,
      "min": 0.28985775995254515,
      "max": 0.3601909465789795,
      "samples": [
        0.2966418523788452,
        0.28985775995254515,
        0.32056899070739747,
        0.3601909465789795,
        0.33281033420562744
      ]
    },
    "loader_wait_seconds": {
      "median": 2.8602666836231947,
      "q1": 2.5989831131882966,
      "q3": 3.136198789346963,
      "iqr": 0.5372156761586666,
      "min": 2.487492247018963,
      "max": 3.461557140573859,
      "samples": [
        2.5989831131882966,
        2.487492247018963,
        2.8602666836231947,
        3.461557140573859,
        3.136198789346963
      ]
    },
    "device_transfer_seconds": {
      "median": 0.11729155540466307,
      "q1": 0.11675475072860719,
      "q3": 0.11890310478210447,
      "iqr": 0.002148354053497281,
      "min": 0.11581849670410155,
      "max": 0.12066626930236818,
      "samples": [
        0.11581849670410155,
        0.11675475072860719,
        0.11729155540466307,
        0.12066626930236818,
        0.11890310478210447
      ]
    },
    "paired_profiled_total_seconds": {
      "median": 6.676686613820493,
      "q1": 6.378453135024756,
      "q3": 7.057266205083579,
      "iqr": 0.6788130700588226,
      "min": 6.271995253395289,
      "max": 7.311241496820003,
      "samples": [
        6.378453135024756,
        6.271995253395289,
        6.676686613820493,
        7.311241496820003,
        7.057266205083579
      ]
    }
  },
  "runs": [
    {
      "repeat": 1,
      "encode_seconds": 3.3601189157925546,
      "pipeline_wall_seconds": 3.0183342192322016,
      "gnn_seconds": 0.2966418523788452,
      "gnn_core_seconds": 0.28392332553863525,
      "other_seconds": 2.7216923668533566,
      "downstream_device_seconds": 0.2966418523788452,
      "downstream_noncore_device_seconds": 0.012718526840209965,
      "device_pipeline_seconds": 0.41246034908294676,
      "device_transfer_seconds": 0.11581849670410155,
      "loader_wait_seconds": 2.5989831131882966,
      "measured_batches": 33,
      "measured_graphs": 2068,
      "measured_nodes": 80712,
      "measured_edges": 234126,
      "output_values": 14476,
      "nodes_per_batch": {
        "median": 2464.0,
        "q1": 2312.0,
        "q3": 2617.0,
        "iqr": 305.0,
        "min": 894.0,
        "max": 3220.0
      },
      "edges_per_batch": {
        "median": 7046.0,
        "q1": 6404.0,
        "q3": 7716.0,
        "iqr": 1312.0,
        "min": 2720.0,
        "max": 10838.0
      },
      "other_was_clamped": false,
      "encode_gpu_peak_allocated_bytes": 4392042496,
      "encode_gpu_peak_increment_bytes": 4091899904,
      "graph_gpu_peak_allocated_bytes": 354311680,
      "graph_gpu_peak_increment_bytes": 223877120,
      "profiled_total_seconds": 6.378453135024756,
      "encode_percent": 52.67921304213695,
      "gnn_percent": 4.65068639839891,
      "other_percent": 42.67010055946414
    },
    {
      "repeat": 2,
      "encode_seconds": 3.373316183220595,
      "pipeline_wall_seconds": 2.898679070174694,
      "gnn_seconds": 0.28985775995254515,
      "gnn_core_seconds": 0.278013313293457,
      "other_seconds": 2.608821310222149,
      "downstream_device_seconds": 0.28985775995254515,
      "downstream_noncore_device_seconds": 0.011844446659088126,
      "device_pipeline_seconds": 0.40661251068115234,
      "device_transfer_seconds": 0.11675475072860719,
      "loader_wait_seconds": 2.487492247018963,
      "measured_batches": 33,
      "measured_graphs": 2068,
      "measured_nodes": 80712,
      "measured_edges": 234126,
      "output_values": 14476,
      "nodes_per_batch": {
        "median": 2464.0,
        "q1": 2312.0,
        "q3": 2617.0,
        "iqr": 305.0,
        "min": 894.0,
        "max": 3220.0
      },
      "edges_per_batch": {
        "median": 7046.0,
        "q1": 6404.0,
        "q3": 7716.0,
        "iqr": 1312.0,
        "min": 2720.0,
        "max": 10838.0
      },
      "other_was_clamped": false,
      "encode_gpu_peak_allocated_bytes": 4392042496,
      "encode_gpu_peak_increment_bytes": 4091899904,
      "graph_gpu_peak_allocated_bytes": 354311680,
      "graph_gpu_peak_increment_bytes": 223877120,
      "profiled_total_seconds": 6.271995253395289,
      "encode_percent": 53.78378086932512,
      "gnn_percent": 4.621460129384396,
      "other_percent": 41.59475900129049
    },
    {
      "repeat": 3,
      "encode_seconds": 3.373621406033635,
      "pipeline_wall_seconds": 3.303065207786858,
      "gnn_seconds": 0.32056899070739747,
      "gnn_core_seconds": 0.3074637794494629,
      "other_seconds": 2.9824962170794604,
      "downstream_device_seconds": 0.32056899070739747,
      "downstream_noncore_device_seconds": 0.013105211257934568,
      "device_pipeline_seconds": 0.43786054611206054,
      "device_transfer_seconds": 0.11729155540466307,
      "loader_wait_seconds": 2.8602666836231947,
      "measured_batches": 33,
      "measured_graphs": 2068,
      "measured_nodes": 80712,
      "measured_edges": 234126,
      "output_values": 14476,
      "nodes_per_batch": {
        "median": 2464.0,
        "q1": 2312.0,
        "q3": 2617.0,
        "iqr": 305.0,
        "min": 894.0,
        "max": 3220.0
      },
      "edges_per_batch": {
        "median": 7046.0,
        "q1": 6404.0,
        "q3": 7716.0,
        "iqr": 1312.0,
        "min": 2720.0,
        "max": 10838.0
      },
      "other_was_clamped": false,
      "encode_gpu_peak_allocated_bytes": 4392042496,
      "encode_gpu_peak_increment_bytes": 4091899904,
      "graph_gpu_peak_allocated_bytes": 354311680,
      "graph_gpu_peak_increment_bytes": 223877120,
      "profiled_total_seconds": 6.676686613820493,
      "encode_percent": 50.52837733989737,
      "gnn_percent": 4.801318516939698,
      "other_percent": 44.67030414316293
    },
    {
      "repeat": 4,
      "encode_seconds": 3.361894660629332,
      "pipeline_wall_seconds": 3.9493468361906707,
      "gnn_seconds": 0.3601909465789795,
      "gnn_core_seconds": 0.3441853771209717,
      "other_seconds": 3.5891558896116913,
      "downstream_device_seconds": 0.3601909465789795,
      "downstream_noncore_device_seconds": 0.016005569458007796,
      "device_pipeline_seconds": 0.48085721588134767,
      "device_transfer_seconds": 0.12066626930236818,
      "loader_wait_seconds": 3.461557140573859,
      "measured_batches": 33,
      "measured_graphs": 2068,
      "measured_nodes": 80712,
      "measured_edges": 234126,
      "output_values": 14476,
      "nodes_per_batch": {
        "median": 2464.0,
        "q1": 2312.0,
        "q3": 2617.0,
        "iqr": 305.0,
        "min": 894.0,
        "max": 3220.0
      },
      "edges_per_batch": {
        "median": 7046.0,
        "q1": 6404.0,
        "q3": 7716.0,
        "iqr": 1312.0,
        "min": 2720.0,
        "max": 10838.0
      },
      "other_was_clamped": false,
      "encode_gpu_peak_allocated_bytes": 4392042496,
      "encode_gpu_peak_increment_bytes": 4091899904,
      "graph_gpu_peak_allocated_bytes": 354311680,
      "graph_gpu_peak_increment_bytes": 223877120,
      "profiled_total_seconds": 7.311241496820003,
      "encode_percent": 45.98254157097089,
      "gnn_percent": 4.926536029970331,
      "other_percent": 49.09092239905878
    },
    {
      "repeat": 5,
      "encode_seconds": 3.463838200084865,
      "pipeline_wall_seconds": 3.5934280049987137,
      "gnn_seconds": 0.33281033420562744,
      "gnn_core_seconds": 0.31811497306823733,
      "other_seconds": 3.2606176707930863,
      "downstream_device_seconds": 0.33281033420562744,
      "downstream_noncore_device_seconds": 0.014695361137390117,
      "device_pipeline_seconds": 0.4517134389877319,
      "device_transfer_seconds": 0.11890310478210447,
      "loader_wait_seconds": 3.136198789346963,
      "measured_batches": 33,
      "measured_graphs": 2068,
      "measured_nodes": 80712,
      "measured_edges": 234126,
      "output_values": 14476,
      "nodes_per_batch": {
        "median": 2464.0,
        "q1": 2312.0,
        "q3": 2617.0,
        "iqr": 305.0,
        "min": 894.0,
        "max": 3220.0
      },
      "edges_per_batch": {
        "median": 7046.0,
        "q1": 6404.0,
        "q3": 7716.0,
        "iqr": 1312.0,
        "min": 2720.0,
        "max": 10838.0
      },
      "other_was_clamped": false,
      "encode_gpu_peak_allocated_bytes": 4392042496,
      "encode_gpu_peak_increment_bytes": 4091899904,
      "graph_gpu_peak_allocated_bytes": 354311680,
      "graph_gpu_peak_increment_bytes": 223877120,
      "profiled_total_seconds": 7.057266205083579,
      "encode_percent": 49.081869656408166,
      "gnn_percent": 4.715853483972212,
      "other_percent": 46.20227685961963
    }
  ],
  "encode_scope": "all text entries in each base dataset texts.pkl: tokenizer + Transformer + pooling + embedding transfer to CPU; disk I/O and cache construction are excluded",
  "gnn_scope": "full model(batch) device execution: input projection, optional RWPE/JK logic, PyGRGCNEdge, and prediction head",
  "gnn_core_scope": "model.model (PyGRGCNEdge) device execution; diagnostic only",
  "other_scope": "full selected-loader wall time minus full GNN device execution; includes sampling, collate, H2D, and host/runtime overhead on the critical path",
  "ratio_scope": "additive phase profile: global encode plus complete selected-loader inference; not one continuous cache-build-to-prediction run",
  "representative_value": "each phase uses its median over repeats; percentages use the sum of those phase medians",
  "embedding_replay_note": "Timed embeddings are discarded. GNN inference consumes the existing offline cache built with the configured encoder, so profiled_total does not include writing or attaching the newly encoded features.",
  "metric_key": "test_cora_node/acc",
  "metric_name": "acc",
  "metric_value": 0.7016441226005554,
  "metric_state": "test_cora_node",
  "metric_scope": "separate untimed loader pass",
  "encoder_model_load_seconds_excluded": 2.4583290847949684,
  "task_model_load_seconds_excluded": 0.3511382876895368,
  "data_preparation_seconds_excluded": 0.09561367612332106,
  "warnings": [
    "The repository cache has no encoder fingerprint metadata, so matching the offline embedding cache to llm_name, max length, model revision, and pooling configuration must be verified manually."
  ]
}
