[2026-09-19 23:57:00,107] [INFO] [real_accelerator.py:161:get_accelerator] Setting ds_accelerator to cuda (auto detect)
/data1/xxr_data/new_conda/ofa/lib/python3.9/site-packages/torch_geometric/data/in_memory_dataset.py:284: UserWarning: It is not recommended to directly access the internal storage format `data` of an 'InMemoryDataset'. If you are absolutely certain what you are doing, access the internal storage via `InMemoryDataset._data` instead to suppress this warning. Alternatively, you can access stacked individual attributes of every graph via `dataset.{attr_name}`.
  warnings.warn(msg)
/data1/xxr_data/new_conda/ofa/lib/python3.9/site-packages/torchmetrics/utilities/prints.py:36: UserWarning: No negative samples in targets, false positive value should be meaningless. Returning zero tensor in false positive score
  warnings.warn(*args, **kwargs)
/data1/xxr_data/new_conda/ofa/lib/python3.9/site-packages/torchmetrics/utilities/prints.py:36: UserWarning: No positive samples in targets, true positive value should be meaningless. Returning zero tensor in true positive score
  warnings.warn(*args, **kwargs)
{
  "report_version": 3,
  "mode": "offline_heat_style",
  "strict_heat_reproduction": false,
  "heat_style_comparable": false,
  "embedding_cache_identity_verified": false,
  "task_names": [
    "pubmed_link"
  ],
  "split": "test",
  "loader_index": 0,
  "full_loader": true,
  "full_dataset_sampling": true,
  "requested_batch_num": -1,
  "configured_sample_size": -1,
  "device": "cuda:0",
  "device_name": "NVIDIA H100 PCIe",
  "torch_version": "2.1.2+cu118",
  "model_dtype": "torch.float32",
  "llm_name": "ST",
  "gnn_model": "PyGRGCNEdge",
  "emb_dim": 768,
  "num_layers": 6,
  "JK": "last",
  "rwpe": null,
  "dropout": 0.0,
  "max_nodes_per_hop": 100,
  "configured_max_nodes_per_hop": 100,
  "seed": 1,
  "graph_batch_size": 64,
  "text_batch_size": 100,
  "max_text_length": 500,
  "num_workers": 0,
  "repeats": 5,
  "warmup_batches_requested": 5,
  "warmup_batches_executed": 5,
  "encode_warmup_batches_requested": 1,
  "encode_warmup_texts": 100,
  "checkpoint": null,
  "checkpoint_loaded": false,
  "weights": "random task-model initialization",
  "sampling_hops": [
    {
      "dataset_type": "SubgraphLinkHierDataset",
      "original_hops": 3,
      "effective_hops": 2,
      "max_nodes_per_hop": 100
    }
  ],
  "text_manifest": [
    {
      "dataset": "Pubmed",
      "text_path": "cache_data/Pubmed/ST/processed/texts.pkl",
      "text_entries": 19726,
      "text_leaf_groups": 5,
      "text_encoder_micro_batches": 202
    }
  ],
  "encoded_text_entries": 19726,
  "text_leaf_groups": 5,
  "text_encoder_micro_batches": 202,
  "measured_batches": 139,
  "measured_graphs": 8866,
  "measured_nodes": 795617,
  "measured_edges": 2670818,
  "output_values": 17732,
  "workload_size_consistent_across_repeats": true,
  "encode_seconds": 31.757112378720194,
  "gnn_seconds": 1.739414553642273,
  "gnn_core_seconds": 1.6754252500534057,
  "other_seconds": 16.479080257453024,
  "downstream_pipeline_seconds": 18.218494811095297,
  "downstream_device_seconds": 1.739414553642273,
  "profiled_total_seconds": 49.97560718981549,
  "encode_ratio": 0.6354522569000816,
  "gnn_ratio": 0.03480527104024356,
  "other_ratio": 0.32974247205967494,
  "encode_percent": 63.54522569000815,
  "gnn_percent": 3.4805271040243557,
  "other_percent": 32.974247205967494,
  "gnn_core_percent_of_profiled_total": 3.3524860312149243,
  "gnn_seconds_per_batch": 0.012513773767210596,
  "gnn_core_seconds_per_batch": 0.012053419065132414,
  "timing_stats": {
    "encode_seconds": {
      "median": 31.757112378720194,
      "q1": 31.716095190960914,
      "q3": 31.89186803996563,
      "iqr": 0.17577284900471568,
      "min": 31.63327907398343,
      "max": 33.103672622703016,
      "samples": [
        31.716095190960914,
        31.63327907398343,
        33.103672622703016,
        31.89186803996563,
        31.757112378720194
      ]
    },
    "gnn_seconds": {
      "median": 1.739414553642273,
      "q1": 1.7099184579849243,
      "q3": 1.7518871088027954,
      "iqr": 0.041968650817871156,
      "min": 1.7058162288665772,
      "max": 1.8132231006622315,
      "samples": [
        1.739414553642273,
        1.7518871088027954,
        1.7099184579849243,
        1.7058162288665772,
        1.8132231006622315
      ]
    },
    "gnn_core_seconds": {
      "median": 1.6754252500534057,
      "q1": 1.6466129608154296,
      "q3": 1.6861799669265747,
      "iqr": 0.03956700611114505,
      "min": 1.6428758716583252,
      "max": 1.7439252443313598,
      "samples": [
        1.6754252500534057,
        1.6861799669265747,
        1.6466129608154296,
        1.6428758716583252,
        1.7439252443313598
      ]
    },
    "other_seconds": {
      "median": 16.479080257453024,
      "q1": 16.16192366791144,
      "q3": 17.18818269283697,
      "iqr": 1.0262590249255297,
      "min": 16.129452899105846,
      "max": 17.866710395157337,
      "samples": [
        16.479080257453024,
        17.18818269283697,
        16.16192366791144,
        16.129452899105846,
        17.866710395157337
      ]
    },
    "downstream_pipeline_seconds": {
      "median": 18.218494811095297,
      "q1": 17.871842125896364,
      "q3": 18.940069801639766,
      "iqr": 1.068227675743401,
      "min": 17.835269127972424,
      "max": 19.67993349581957,
      "samples": [
        18.218494811095297,
        18.940069801639766,
        17.871842125896364,
        17.835269127972424,
        19.67993349581957
      ]
    },
    "downstream_device_seconds": {
      "median": 1.739414553642273,
      "q1": 1.7099184579849243,
      "q3": 1.7518871088027954,
      "iqr": 0.041968650817871156,
      "min": 1.7058162288665772,
      "max": 1.8132231006622315,
      "samples": [
        1.739414553642273,
        1.7518871088027954,
        1.7099184579849243,
        1.7058162288665772,
        1.8132231006622315
      ]
    },
    "loader_wait_seconds": {
      "median": 15.427571868523955,
      "q1": 15.113007280509919,
      "q3": 16.13597882958129,
      "iqr": 1.0229715490713716,
      "min": 15.079545171931386,
      "max": 16.810797921847552,
      "samples": [
        15.427571868523955,
        16.13597882958129,
        15.113007280509919,
        15.079545171931386,
        16.810797921847552
      ]
    },
    "device_transfer_seconds": {
      "median": 1.0179768705368044,
      "q1": 1.0171079664230347,
      "q3": 1.0183182573318483,
      "iqr": 0.0012102909088136382,
      "min": 1.0167292909622194,
      "max": 1.0198414707183836,
      "samples": [
        1.0167292909622194,
        1.0183182573318483,
        1.0179768705368044,
        1.0171079664230347,
        1.0198414707183836
      ]
    },
    "paired_profiled_total_seconds": {
      "median": 50.573348875623196,
      "q1": 49.93459000205621,
      "q3": 50.97551474859938,
      "iqr": 1.040924746543169,
      "min": 49.727137167938054,
      "max": 51.43704587453976,
      "samples": [
        49.93459000205621,
        50.573348875623196,
        50.97551474859938,
        49.727137167938054,
        51.43704587453976
      ]
    }
  },
  "runs": [
    {
      "repeat": 1,
      "encode_seconds": 31.716095190960914,
      "pipeline_wall_seconds": 18.218494811095297,
      "gnn_seconds": 1.739414553642273,
      "gnn_core_seconds": 1.6754252500534057,
      "other_seconds": 16.479080257453024,
      "downstream_device_seconds": 1.739414553642273,
      "downstream_noncore_device_seconds": 0.06398930358886723,
      "device_pipeline_seconds": 2.7561438446044924,
      "device_transfer_seconds": 1.0167292909622194,
      "loader_wait_seconds": 15.427571868523955,
      "measured_batches": 139,
      "measured_graphs": 8866,
      "measured_nodes": 795617,
      "measured_edges": 2670818,
      "output_values": 17732,
      "nodes_per_batch": {
        "median": 5045.0,
        "q1": 4458.5,
        "q3": 6948.0,
        "iqr": 2489.5,
        "min": 2433.0,
        "max": 7973.0
      },
      "edges_per_batch": {
        "median": 16492.0,
        "q1": 13367.0,
        "q3": 25174.0,
        "iqr": 11807.0,
        "min": 7764.0,
        "max": 29718.0
      },
      "other_was_clamped": false,
      "encode_gpu_peak_allocated_bytes": 4392042496,
      "encode_gpu_peak_increment_bytes": 4091899904,
      "graph_gpu_peak_allocated_bytes": 756167680,
      "graph_gpu_peak_increment_bytes": 625733120,
      "profiled_total_seconds": 49.93459000205621,
      "encode_percent": 63.51528107000559,
      "gnn_percent": 3.4833860728017334,
      "other_percent": 33.00133285719267
    },
    {
      "repeat": 2,
      "encode_seconds": 31.63327907398343,
      "pipeline_wall_seconds": 18.940069801639766,
      "gnn_seconds": 1.7518871088027954,
      "gnn_core_seconds": 1.6861799669265747,
      "other_seconds": 17.18818269283697,
      "downstream_device_seconds": 1.7518871088027954,
      "downstream_noncore_device_seconds": 0.06570714187622073,
      "device_pipeline_seconds": 2.7702053661346437,
      "device_transfer_seconds": 1.0183182573318483,
      "loader_wait_seconds": 16.13597882958129,
      "measured_batches": 139,
      "measured_graphs": 8866,
      "measured_nodes": 795617,
      "measured_edges": 2670818,
      "output_values": 17732,
      "nodes_per_batch": {
        "median": 5045.0,
        "q1": 4458.5,
        "q3": 6948.0,
        "iqr": 2489.5,
        "min": 2433.0,
        "max": 7973.0
      },
      "edges_per_batch": {
        "median": 16492.0,
        "q1": 13367.0,
        "q3": 25174.0,
        "iqr": 11807.0,
        "min": 7764.0,
        "max": 29718.0
      },
      "other_was_clamped": false,
      "encode_gpu_peak_allocated_bytes": 4392042496,
      "encode_gpu_peak_increment_bytes": 4091899904,
      "graph_gpu_peak_allocated_bytes": 756167680,
      "graph_gpu_peak_increment_bytes": 625733120,
      "profiled_total_seconds": 50.573348875623196,
      "encode_percent": 62.54930665513225,
      "gnn_percent": 3.464052011092389,
      "other_percent": 33.98664133377537
    },
    {
      "repeat": 3,
      "encode_seconds": 33.103672622703016,
      "pipeline_wall_seconds": 17.871842125896364,
      "gnn_seconds": 1.7099184579849243,
      "gnn_core_seconds": 1.6466129608154296,
      "other_seconds": 16.16192366791144,
      "downstream_device_seconds": 1.7099184579849243,
      "downstream_noncore_device_seconds": 0.06330549716949463,
      "device_pipeline_seconds": 2.7278953285217287,
      "device_transfer_seconds": 1.0179768705368044,
      "loader_wait_seconds": 15.113007280509919,
      "measured_batches": 139,
      "measured_graphs": 8866,
      "measured_nodes": 795617,
      "measured_edges": 2670818,
      "output_values": 17732,
      "nodes_per_batch": {
        "median": 5045.0,
        "q1": 4458.5,
        "q3": 6948.0,
        "iqr": 2489.5,
        "min": 2433.0,
        "max": 7973.0
      },
      "edges_per_batch": {
        "median": 16492.0,
        "q1": 13367.0,
        "q3": 25174.0,
        "iqr": 11807.0,
        "min": 7764.0,
        "max": 29718.0
      },
      "other_was_clamped": false,
      "encode_gpu_peak_allocated_bytes": 4392042496,
      "encode_gpu_peak_increment_bytes": 4091899904,
      "graph_gpu_peak_allocated_bytes": 756167680,
      "graph_gpu_peak_increment_bytes": 625733120,
      "profiled_total_seconds": 50.97551474859938,
      "encode_percent": 64.94034005534506,
      "gnn_percent": 3.3543917436006008,
      "other_percent": 31.705268201054334
    },
    {
      "repeat": 4,
      "encode_seconds": 31.89186803996563,
      "pipeline_wall_seconds": 17.835269127972424,
      "gnn_seconds": 1.7058162288665772,
      "gnn_core_seconds": 1.6428758716583252,
      "other_seconds": 16.129452899105846,
      "downstream_device_seconds": 1.7058162288665772,
      "downstream_noncore_device_seconds": 0.06294035720825208,
      "device_pipeline_seconds": 2.722924195289612,
      "device_transfer_seconds": 1.0171079664230347,
      "loader_wait_seconds": 15.079545171931386,
      "measured_batches": 139,
      "measured_graphs": 8866,
      "measured_nodes": 795617,
      "measured_edges": 2670818,
      "output_values": 17732,
      "nodes_per_batch": {
        "median": 5045.0,
        "q1": 4458.5,
        "q3": 6948.0,
        "iqr": 2489.5,
        "min": 2433.0,
        "max": 7973.0
      },
      "edges_per_batch": {
        "median": 16492.0,
        "q1": 13367.0,
        "q3": 25174.0,
        "iqr": 11807.0,
        "min": 7764.0,
        "max": 29718.0
      },
      "other_was_clamped": false,
      "encode_gpu_peak_allocated_bytes": 4392042496,
      "encode_gpu_peak_increment_bytes": 4091899904,
      "graph_gpu_peak_allocated_bytes": 756167680,
      "graph_gpu_peak_increment_bytes": 625733120,
      "profiled_total_seconds": 49.727137167938054,
      "encode_percent": 64.13373030556875,
      "gnn_percent": 3.4303527731864185,
      "other_percent": 32.43591692124483
    },
    {
      "repeat": 5,
      "encode_seconds": 31.757112378720194,
      "pipeline_wall_seconds": 19.67993349581957,
      "gnn_seconds": 1.8132231006622315,
      "gnn_core_seconds": 1.7439252443313598,
      "other_seconds": 17.866710395157337,
      "downstream_device_seconds": 1.8132231006622315,
      "downstream_noncore_device_seconds": 0.06929785633087171,
      "device_pipeline_seconds": 2.833064571380615,
      "device_transfer_seconds": 1.0198414707183836,
      "loader_wait_seconds": 16.810797921847552,
      "measured_batches": 139,
      "measured_graphs": 8866,
      "measured_nodes": 795617,
      "measured_edges": 2670818,
      "output_values": 17732,
      "nodes_per_batch": {
        "median": 5045.0,
        "q1": 4458.5,
        "q3": 6948.0,
        "iqr": 2489.5,
        "min": 2433.0,
        "max": 7973.0
      },
      "edges_per_batch": {
        "median": 16492.0,
        "q1": 13367.0,
        "q3": 25174.0,
        "iqr": 11807.0,
        "min": 7764.0,
        "max": 29718.0
      },
      "other_was_clamped": false,
      "encode_gpu_peak_allocated_bytes": 4392042496,
      "encode_gpu_peak_increment_bytes": 4091899904,
      "graph_gpu_peak_allocated_bytes": 756167680,
      "graph_gpu_peak_increment_bytes": 625733120,
      "profiled_total_seconds": 51.43704587453976,
      "encode_percent": 61.739767202375994,
      "gnn_percent": 3.5251307104316774,
      "other_percent": 34.73510208719233
    }
  ],
  "encode_scope": "all text entries in each base dataset texts.pkl: tokenizer + Transformer + pooling + embedding transfer to CPU; disk I/O and cache construction are excluded",
  "gnn_scope": "full model(batch) device execution: input projection, optional RWPE/JK logic, PyGRGCNEdge, and prediction head",
  "gnn_core_scope": "model.model (PyGRGCNEdge) device execution; diagnostic only",
  "other_scope": "full selected-loader wall time minus full GNN device execution; includes sampling, collate, H2D, and host/runtime overhead on the critical path",
  "ratio_scope": "additive phase profile: global encode plus complete selected-loader inference; not one continuous cache-build-to-prediction run",
  "representative_value": "each phase uses its median over repeats; percentages use the sum of those phase medians",
  "embedding_replay_note": "Timed embeddings are discarded. GNN inference consumes the existing offline cache built with the configured encoder, so profiled_total does not include writing or attaching the newly encoded features.",
  "metric_key": "test_pubmed_link_eval/auc",
  "metric_name": "auc",
  "metric_value": 0.4551970362663269,
  "metric_state": "test_pubmed_link_eval",
  "metric_scope": "separate untimed loader pass",
  "encoder_model_load_seconds_excluded": 2.017452830914408,
  "task_model_load_seconds_excluded": 0.1516521400772035,
  "data_preparation_seconds_excluded": 82.63827118789777,
  "warnings": [
    "No checkpoint was loaded; timing is valid, but the task metric uses random weights.",
    "Sampling hops were overridden only for this profiling process; the checkpoint may have been trained with another depth.",
    "The repository cache has no encoder fingerprint metadata, so matching the offline embedding cache to llm_name, max length, model revision, and pooling configuration must be verified manually."
  ]
}
