[2026-09-19 23:50:48,845] [INFO] [real_accelerator.py:161:get_accelerator] Setting ds_accelerator to cuda (auto detect)
/data1/xxr_data/new_conda/ofa/lib/python3.9/site-packages/torch_geometric/data/in_memory_dataset.py:284: UserWarning: It is not recommended to directly access the internal storage format `data` of an 'InMemoryDataset'. If you are absolutely certain what you are doing, access the internal storage via `InMemoryDataset._data` instead to suppress this warning. Alternatively, you can access stacked individual attributes of every graph via `dataset.{attr_name}`.
  warnings.warn(msg)
{
  "report_version": 3,
  "mode": "offline_heat_style",
  "strict_heat_reproduction": false,
  "heat_style_comparable": true,
  "embedding_cache_identity_verified": false,
  "task_names": [
    "pubmed_node"
  ],
  "split": "test",
  "loader_index": 0,
  "full_loader": true,
  "full_dataset_sampling": true,
  "requested_batch_num": -1,
  "configured_sample_size": -1,
  "device": "cuda:0",
  "device_name": "NVIDIA H100 PCIe",
  "torch_version": "2.1.2+cu118",
  "model_dtype": "torch.float32",
  "llm_name": "ST",
  "gnn_model": "PyGRGCNEdge",
  "emb_dim": 768,
  "num_layers": 6,
  "JK": "last",
  "rwpe": null,
  "dropout": 0.0,
  "max_nodes_per_hop": 100,
  "configured_max_nodes_per_hop": 100,
  "seed": 1,
  "graph_batch_size": 64,
  "text_batch_size": 100,
  "max_text_length": 500,
  "num_workers": 0,
  "repeats": 5,
  "warmup_batches_requested": 5,
  "warmup_batches_executed": 5,
  "encode_warmup_batches_requested": 1,
  "encode_warmup_texts": 100,
  "checkpoint": "/data1/xxr_data/GNN/GNN-Task_Relation/saved_exp/2026-09-17 16:01:00.408337/full_cdm/tn7immv7/checkpoints/epoch=60-step=61.ckpt",
  "checkpoint_loaded": true,
  "weights": "checkpoint",
  "sampling_hops": [
    {
      "dataset_type": "SubgraphHierDataset",
      "original_hops": 2,
      "effective_hops": 2,
      "max_nodes_per_hop": 100
    }
  ],
  "text_manifest": [
    {
      "dataset": "Pubmed",
      "text_path": "cache_data/Pubmed/ST/processed/texts.pkl",
      "text_entries": 19726,
      "text_leaf_groups": 5,
      "text_encoder_micro_batches": 202
    }
  ],
  "encoded_text_entries": 19726,
  "text_leaf_groups": 5,
  "text_encoder_micro_batches": 202,
  "measured_batches": 300,
  "measured_graphs": 19157,
  "measured_nodes": 940959,
  "measured_edges": 3020564,
  "output_values": 57471,
  "workload_size_consistent_across_repeats": true,
  "encode_seconds": 31.608200704678893,
  "gnn_seconds": 3.0988614978790285,
  "gnn_core_seconds": 2.9671278018951415,
  "other_seconds": 30.31250671794638,
  "downstream_pipeline_seconds": 33.58163520600647,
  "downstream_device_seconds": 3.0988614978790285,
  "profiled_total_seconds": 65.0195689205043,
  "encode_ratio": 0.486133655289601,
  "gnn_ratio": 0.04766044360687517,
  "other_ratio": 0.46620590110352383,
  "encode_percent": 48.6133655289601,
  "gnn_percent": 4.766044360687517,
  "other_percent": 46.62059011035238,
  "gnn_core_percent_of_profiled_total": 4.563438132791804,
  "gnn_seconds_per_batch": 0.010329538326263429,
  "gnn_core_seconds_per_batch": 0.009890426006317139,
  "timing_stats": {
    "encode_seconds": {
      "median": 31.608200704678893,
      "q1": 31.54997639870271,
      "q3": 31.79418484820053,
      "iqr": 0.24420844949781895,
      "min": 31.519974700640887,
      "max": 31.957534066867083,
      "samples": [
        31.519974700640887,
        31.54997639870271,
        31.608200704678893,
        31.957534066867083,
        31.79418484820053
      ]
    },
    "gnn_seconds": {
      "median": 3.0988614978790285,
      "q1": 3.022255801200867,
      "q3": 3.103052535057068,
      "iqr": 0.08079673385620101,
      "min": 2.9152017698287964,
      "max": 3.4602383041381835,
      "samples": [
        3.0988614978790285,
        3.103052535057068,
        2.9152017698287964,
        3.022255801200867,
        3.4602383041381835
      ]
    },
    "gnn_core_seconds": {
      "median": 2.9671278018951415,
      "q1": 2.894532380104065,
      "q3": 2.9699446964263916,
      "iqr": 0.07541231632232659,
      "min": 2.791211290359497,
      "max": 3.313890622138977,
      "samples": [
        2.9671278018951415,
        2.9699446964263916,
        2.791211290359497,
        2.894532380104065,
        3.313890622138977
      ]
    },
    "other_seconds": {
      "median": 30.31250671794638,
      "q1": 29.933564484979957,
      "q3": 30.48277370812744,
      "iqr": 0.5492092231474821,
      "min": 28.32599608631432,
      "max": 30.608372412193567,
      "samples": [
        30.48277370812744,
        30.608372412193567,
        28.32599608631432,
        29.933564484979957,
        30.31250671794638
      ]
    },
    "downstream_pipeline_seconds": {
      "median": 33.58163520600647,
      "q1": 32.955820286180824,
      "q3": 33.711424947250634,
      "iqr": 0.7556046610698104,
      "min": 31.241197856143117,
      "max": 33.772745022084564,
      "samples": [
        33.58163520600647,
        33.711424947250634,
        31.241197856143117,
        32.955820286180824,
        33.772745022084564
      ]
    },
    "downstream_device_seconds": {
      "median": 3.0988614978790285,
      "q1": 3.022255801200867,
      "q3": 3.103052535057068,
      "iqr": 0.08079673385620101,
      "min": 2.9152017698287964,
      "max": 3.4602383041381835,
      "samples": [
        3.0988614978790285,
        3.103052535057068,
        2.9152017698287964,
        3.022255801200867,
        3.4602383041381835
      ]
    },
    "loader_wait_seconds": {
      "median": 28.771214723587036,
      "q1": 28.519278495106846,
      "q3": 29.08390358183533,
      "iqr": 0.5646250867284834,
      "min": 26.912543633021414,
      "max": 29.19533485919237,
      "samples": [
        29.08390358183533,
        29.19533485919237,
        26.912543633021414,
        28.519278495106846,
        28.771214723587036
      ]
    },
    "device_transfer_seconds": {
      "median": 1.3585058431625368,
      "q1": 1.3506800394058232,
      "q3": 1.35912916469574,
      "iqr": 0.008449125289916815,
      "min": 1.336745473861694,
      "max": 1.4828608293533323,
      "samples": [
        1.336745473861694,
        1.3506800394058232,
        1.3585058431625368,
        1.35912916469574,
        1.4828608293533323
      ]
    },
    "paired_profiled_total_seconds": {
      "median": 65.10160990664735,
      "q1": 64.91335435304791,
      "q3": 65.26140134595335,
      "iqr": 0.34804699290543795,
      "min": 62.84939856082201,
      "max": 65.5669298702851,
      "samples": [
        65.10160990664735,
        65.26140134595335,
        62.84939856082201,
        64.91335435304791,
        65.5669298702851
      ]
    }
  },
  "runs": [
    {
      "repeat": 1,
      "encode_seconds": 31.519974700640887,
      "pipeline_wall_seconds": 33.58163520600647,
      "gnn_seconds": 3.0988614978790285,
      "gnn_core_seconds": 2.9671278018951415,
      "other_seconds": 30.48277370812744,
      "downstream_device_seconds": 3.0988614978790285,
      "downstream_noncore_device_seconds": 0.13173369598388707,
      "device_pipeline_seconds": 4.4356069717407225,
      "device_transfer_seconds": 1.336745473861694,
      "loader_wait_seconds": 29.08390358183533,
      "measured_batches": 300,
      "measured_graphs": 19157,
      "measured_nodes": 940959,
      "measured_edges": 3020564,
      "output_values": 57471,
      "nodes_per_batch": {
        "median": 3138.5,
        "q1": 2935.25,
        "q3": 3334.25,
        "iqr": 399.0,
        "min": 1342.0,
        "max": 3962.0
      },
      "edges_per_batch": {
        "median": 9872.0,
        "q1": 9146.5,
        "q3": 10899.5,
        "iqr": 1753.0,
        "min": 4048.0,
        "max": 13780.0
      },
      "other_was_clamped": false,
      "encode_gpu_peak_allocated_bytes": 4392042496,
      "encode_gpu_peak_increment_bytes": 4091899904,
      "graph_gpu_peak_allocated_bytes": 416681472,
      "graph_gpu_peak_increment_bytes": 286246912,
      "profiled_total_seconds": 65.10160990664735,
      "encode_percent": 48.41658254817208,
      "gnn_percent": 4.760038196171569,
      "other_percent": 46.823379255656356
    },
    {
      "repeat": 2,
      "encode_seconds": 31.54997639870271,
      "pipeline_wall_seconds": 33.711424947250634,
      "gnn_seconds": 3.103052535057068,
      "gnn_core_seconds": 2.9699446964263916,
      "other_seconds": 30.608372412193567,
      "downstream_device_seconds": 3.103052535057068,
      "downstream_noncore_device_seconds": 0.13310783863067632,
      "device_pipeline_seconds": 4.453732574462891,
      "device_transfer_seconds": 1.3506800394058232,
      "loader_wait_seconds": 29.19533485919237,
      "measured_batches": 300,
      "measured_graphs": 19157,
      "measured_nodes": 940959,
      "measured_edges": 3020564,
      "output_values": 57471,
      "nodes_per_batch": {
        "median": 3138.5,
        "q1": 2935.25,
        "q3": 3334.25,
        "iqr": 399.0,
        "min": 1342.0,
        "max": 3962.0
      },
      "edges_per_batch": {
        "median": 9872.0,
        "q1": 9146.5,
        "q3": 10899.5,
        "iqr": 1753.0,
        "min": 4048.0,
        "max": 13780.0
      },
      "other_was_clamped": false,
      "encode_gpu_peak_allocated_bytes": 4392042496,
      "encode_gpu_peak_increment_bytes": 4091899904,
      "graph_gpu_peak_allocated_bytes": 416681472,
      "graph_gpu_peak_increment_bytes": 286246912,
      "profiled_total_seconds": 65.26140134595335,
      "encode_percent": 48.34400694440348,
      "gnn_percent": 4.754805246377809,
      "other_percent": 46.90118780921871
    },
    {
      "repeat": 3,
      "encode_seconds": 31.608200704678893,
      "pipeline_wall_seconds": 31.241197856143117,
      "gnn_seconds": 2.9152017698287964,
      "gnn_core_seconds": 2.791211290359497,
      "other_seconds": 28.32599608631432,
      "downstream_device_seconds": 2.9152017698287964,
      "downstream_noncore_device_seconds": 0.12399047946929942,
      "device_pipeline_seconds": 4.273707612991333,
      "device_transfer_seconds": 1.3585058431625368,
      "loader_wait_seconds": 26.912543633021414,
      "measured_batches": 300,
      "measured_graphs": 19157,
      "measured_nodes": 940959,
      "measured_edges": 3020564,
      "output_values": 57471,
      "nodes_per_batch": {
        "median": 3138.5,
        "q1": 2935.25,
        "q3": 3334.25,
        "iqr": 399.0,
        "min": 1342.0,
        "max": 3962.0
      },
      "edges_per_batch": {
        "median": 9872.0,
        "q1": 9146.5,
        "q3": 10899.5,
        "iqr": 1753.0,
        "min": 4048.0,
        "max": 13780.0
      },
      "other_was_clamped": false,
      "encode_gpu_peak_allocated_bytes": 4392042496,
      "encode_gpu_peak_increment_bytes": 4091899904,
      "graph_gpu_peak_allocated_bytes": 416681472,
      "graph_gpu_peak_increment_bytes": 286246912,
      "profiled_total_seconds": 62.84939856082201,
      "encode_percent": 50.29197005614987,
      "gnn_percent": 4.638392469273406,
      "other_percent": 45.069637474576716
    },
    {
      "repeat": 4,
      "encode_seconds": 31.957534066867083,
      "pipeline_wall_seconds": 32.955820286180824,
      "gnn_seconds": 3.022255801200867,
      "gnn_core_seconds": 2.894532380104065,
      "other_seconds": 29.933564484979957,
      "downstream_device_seconds": 3.022255801200867,
      "downstream_noncore_device_seconds": 0.1277234210968019,
      "device_pipeline_seconds": 4.381384965896607,
      "device_transfer_seconds": 1.35912916469574,
      "loader_wait_seconds": 28.519278495106846,
      "measured_batches": 300,
      "measured_graphs": 19157,
      "measured_nodes": 940959,
      "measured_edges": 3020564,
      "output_values": 57471,
      "nodes_per_batch": {
        "median": 3138.5,
        "q1": 2935.25,
        "q3": 3334.25,
        "iqr": 399.0,
        "min": 1342.0,
        "max": 3962.0
      },
      "edges_per_batch": {
        "median": 9872.0,
        "q1": 9146.5,
        "q3": 10899.5,
        "iqr": 1753.0,
        "min": 4048.0,
        "max": 13780.0
      },
      "other_was_clamped": false,
      "encode_gpu_peak_allocated_bytes": 4392042496,
      "encode_gpu_peak_increment_bytes": 4091899904,
      "graph_gpu_peak_allocated_bytes": 416681472,
      "graph_gpu_peak_increment_bytes": 286246912,
      "profiled_total_seconds": 64.91335435304791,
      "encode_percent": 49.23106252229371,
      "gnn_percent": 4.655830578040313,
      "other_percent": 46.11310689966597
    },
    {
      "repeat": 5,
      "encode_seconds": 31.79418484820053,
      "pipeline_wall_seconds": 33.772745022084564,
      "gnn_seconds": 3.4602383041381835,
      "gnn_core_seconds": 3.313890622138977,
      "other_seconds": 30.31250671794638,
      "downstream_device_seconds": 3.4602383041381835,
      "downstream_noncore_device_seconds": 0.14634768199920645,
      "device_pipeline_seconds": 4.943099133491516,
      "device_transfer_seconds": 1.4828608293533323,
      "loader_wait_seconds": 28.771214723587036,
      "measured_batches": 300,
      "measured_graphs": 19157,
      "measured_nodes": 940959,
      "measured_edges": 3020564,
      "output_values": 57471,
      "nodes_per_batch": {
        "median": 3138.5,
        "q1": 2935.25,
        "q3": 3334.25,
        "iqr": 399.0,
        "min": 1342.0,
        "max": 3962.0
      },
      "edges_per_batch": {
        "median": 9872.0,
        "q1": 9146.5,
        "q3": 10899.5,
        "iqr": 1753.0,
        "min": 4048.0,
        "max": 13780.0
      },
      "other_was_clamped": false,
      "encode_gpu_peak_allocated_bytes": 4392042496,
      "encode_gpu_peak_increment_bytes": 4091899904,
      "graph_gpu_peak_allocated_bytes": 416681472,
      "graph_gpu_peak_increment_bytes": 286246912,
      "profiled_total_seconds": 65.5669298702851,
      "encode_percent": 48.49119046919054,
      "gnn_percent": 5.27741395088008,
      "other_percent": 46.231395579929384
    }
  ],
  "encode_scope": "all text entries in each base dataset texts.pkl: tokenizer + Transformer + pooling + embedding transfer to CPU; disk I/O and cache construction are excluded",
  "gnn_scope": "full model(batch) device execution: input projection, optional RWPE/JK logic, PyGRGCNEdge, and prediction head",
  "gnn_core_scope": "model.model (PyGRGCNEdge) device execution; diagnostic only",
  "other_scope": "full selected-loader wall time minus full GNN device execution; includes sampling, collate, H2D, and host/runtime overhead on the critical path",
  "ratio_scope": "additive phase profile: global encode plus complete selected-loader inference; not one continuous cache-build-to-prediction run",
  "representative_value": "each phase uses its median over repeats; percentages use the sum of those phase medians",
  "embedding_replay_note": "Timed embeddings are discarded. GNN inference consumes the existing offline cache built with the configured encoder, so profiled_total does not include writing or attaching the newly encoded features.",
  "metric_key": "test_pubmed_node/acc",
  "metric_name": "acc",
  "metric_value": 0.7190583348274231,
  "metric_state": "test_pubmed_node",
  "metric_scope": "separate untimed loader pass",
  "encoder_model_load_seconds_excluded": 3.7169327628798783,
  "task_model_load_seconds_excluded": 0.41413401486352086,
  "data_preparation_seconds_excluded": 0.4936547828838229,
  "warnings": [
    "The repository cache has no encoder fingerprint metadata, so matching the offline embedding cache to llm_name, max length, model revision, and pooling configuration must be verified manually."
  ]
}
