[2026-09-20 01:03:00,839] [INFO] [real_accelerator.py:161:get_accelerator] Setting ds_accelerator to cuda (auto detect)
/data1/xxr_data/new_conda/ofa/lib/python3.9/site-packages/torch_geometric/data/in_memory_dataset.py:284: UserWarning: It is not recommended to directly access the internal storage format `data` of an 'InMemoryDataset'. If you are absolutely certain what you are doing, access the internal storage via `InMemoryDataset._data` instead to suppress this warning. Alternatively, you can access stacked individual attributes of every graph via `dataset.{attr_name}`.
  warnings.warn(msg)
{
  "report_version": 3,
  "mode": "offline_heat_style",
  "strict_heat_reproduction": false,
  "heat_style_comparable": false,
  "embedding_cache_identity_verified": false,
  "task_names": [
    "WN18RR"
  ],
  "split": "test",
  "loader_index": 0,
  "full_loader": true,
  "full_dataset_sampling": true,
  "requested_batch_num": -1,
  "configured_sample_size": -1,
  "device": "cuda:0",
  "device_name": "NVIDIA H100 PCIe",
  "torch_version": "2.1.2+cu118",
  "model_dtype": "torch.float32",
  "llm_name": "ST",
  "gnn_model": "PyGRGCNEdge",
  "emb_dim": 768,
  "num_layers": 6,
  "JK": "last",
  "rwpe": null,
  "dropout": 0.0,
  "max_nodes_per_hop": 100,
  "configured_max_nodes_per_hop": 100,
  "seed": 1,
  "graph_batch_size": 64,
  "text_batch_size": 100,
  "max_text_length": 500,
  "num_workers": 0,
  "repeats": 5,
  "warmup_batches_requested": 5,
  "warmup_batches_executed": 5,
  "encode_warmup_batches_requested": 1,
  "encode_warmup_texts": 100,
  "checkpoint": null,
  "checkpoint_loaded": false,
  "weights": "random task-model initialization",
  "sampling_hops": [
    {
      "dataset_type": "SubgraphKGHierDataset",
      "original_hops": 2,
      "effective_hops": 2,
      "max_nodes_per_hop": 100
    }
  ],
  "text_manifest": [
    {
      "dataset": "WN18RR",
      "text_path": "cache_data/WN18RR/ST/processed/texts.pkl",
      "text_entries": 40982,
      "text_leaf_groups": 5,
      "text_encoder_micro_batches": 414
    }
  ],
  "encoded_text_entries": 40982,
  "text_leaf_groups": 5,
  "text_encoder_micro_batches": 414,
  "measured_batches": 49,
  "measured_graphs": 3134,
  "measured_nodes": 292506,
  "measured_edges": 707478,
  "output_values": 34474,
  "workload_size_consistent_across_repeats": true,
  "encode_seconds": 6.772210591007024,
  "gnn_seconds": 0.5811241302490234,
  "gnn_core_seconds": 0.556943808555603,
  "other_seconds": 6.403126212690026,
  "downstream_pipeline_seconds": 6.984250342939049,
  "downstream_device_seconds": 0.5811241302490234,
  "profiled_total_seconds": 13.756460933946073,
  "encode_ratio": 0.49229308493840934,
  "gnn_ratio": 0.042243723370377545,
  "other_ratio": 0.46546319169121314,
  "encode_percent": 49.22930849384093,
  "gnn_percent": 4.224372337037755,
  "other_percent": 46.54631916912131,
  "gnn_core_percent_of_profiled_total": 4.048598045891752,
  "gnn_seconds_per_batch": 0.011859676127531091,
  "gnn_core_seconds_per_batch": 0.011366200174604144,
  "timing_stats": {
    "encode_seconds": {
      "median": 6.772210591007024,
      "q1": 6.71591913420707,
      "q3": 6.815612304024398,
      "iqr": 0.09969316981732845,
      "min": 6.702530546113849,
      "max": 7.047439972870052,
      "samples": [
        6.815612304024398,
        7.047439972870052,
        6.702530546113849,
        6.772210591007024,
        6.71591913420707
      ]
    },
    "gnn_seconds": {
      "median": 0.5811241302490234,
      "q1": 0.5799636783599853,
      "q3": 0.5825814723968505,
      "iqr": 0.0026177940368652397,
      "min": 0.5787976341247558,
      "max": 0.5842906255722046,
      "samples": [
        0.5799636783599853,
        0.5787976341247558,
        0.5842906255722046,
        0.5825814723968505,
        0.5811241302490234
      ]
    },
    "gnn_core_seconds": {
      "median": 0.556943808555603,
      "q1": 0.5563452806472778,
      "q3": 0.5578567047119141,
      "iqr": 0.0015114240646362243,
      "min": 0.5549342384338379,
      "max": 0.5595910062789917,
      "samples": [
        0.5563452806472778,
        0.5549342384338379,
        0.5595910062789917,
        0.5578567047119141,
        0.556943808555603
      ]
    },
    "other_seconds": {
      "median": 6.403126212690026,
      "q1": 6.289252709697932,
      "q3": 6.434125808719545,
      "iqr": 0.1448730990216136,
      "min": 6.1868256395235655,
      "max": 6.492241878662258,
      "samples": [
        6.492241878662258,
        6.289252709697932,
        6.1868256395235655,
        6.434125808719545,
        6.403126212690026
      ]
    },
    "downstream_pipeline_seconds": {
      "median": 6.984250342939049,
      "q1": 6.868050343822688,
      "q3": 7.016707281116396,
      "iqr": 0.14865693729370832,
      "min": 6.77111626509577,
      "max": 7.072205557022244,
      "samples": [
        7.072205557022244,
        6.868050343822688,
        6.77111626509577,
        7.016707281116396,
        6.984250342939049
      ]
    },
    "downstream_device_seconds": {
      "median": 0.5811241302490234,
      "q1": 0.5799636783599853,
      "q3": 0.5825814723968505,
      "iqr": 0.0026177940368652397,
      "min": 0.5787976341247558,
      "max": 0.5842906255722046,
      "samples": [
        0.5799636783599853,
        0.5787976341247558,
        0.5842906255722046,
        0.5825814723968505,
        0.5811241302490234
      ]
    },
    "loader_wait_seconds": {
      "median": 6.164053139742464,
      "q1": 6.049398882314563,
      "q3": 6.194681249093264,
      "iqr": 0.14528236677870154,
      "min": 5.947519511450082,
      "max": 6.250190136954188,
      "samples": [
        6.250190136954188,
        6.049398882314563,
        5.947519511450082,
        6.194681249093264,
        6.164053139742464
      ]
    },
    "device_transfer_seconds": {
      "median": 0.22962636375427248,
      "q1": 0.2295695333480835,
      "q3": 0.2299330501556397,
      "iqr": 0.00036351680755619675,
      "min": 0.22940082931518557,
      "max": 0.23025059223175048,
      "samples": [
        0.23025059223175048,
        0.2299330501556397,
        0.2295695333480835,
        0.22962636375427248,
        0.22940082931518557
      ]
    },
    "paired_profiled_total_seconds": {
      "median": 13.78891787212342,
      "q1": 13.700169477146119,
      "q3": 13.887817861046642,
      "iqr": 0.18764838390052319,
      "min": 13.473646811209619,
      "max": 13.91549031669274,
      "samples": [
        13.887817861046642,
        13.91549031669274,
        13.473646811209619,
        13.78891787212342,
        13.700169477146119
      ]
    }
  },
  "runs": [
    {
      "repeat": 1,
      "encode_seconds": 6.815612304024398,
      "pipeline_wall_seconds": 7.072205557022244,
      "gnn_seconds": 0.5799636783599853,
      "gnn_core_seconds": 0.5563452806472778,
      "other_seconds": 6.492241878662258,
      "downstream_device_seconds": 0.5799636783599853,
      "downstream_noncore_device_seconds": 0.023618397712707462,
      "device_pipeline_seconds": 0.8102142705917358,
      "device_transfer_seconds": 0.23025059223175048,
      "loader_wait_seconds": 6.250190136954188,
      "measured_batches": 49,
      "measured_graphs": 3134,
      "measured_nodes": 292506,
      "measured_edges": 707478,
      "output_values": 34474,
      "nodes_per_batch": {
        "median": 5989.0,
        "q1": 5656.0,
        "q3": 6334.0,
        "iqr": 678.0,
        "min": 5011.0,
        "max": 6713.0
      },
      "edges_per_batch": {
        "median": 14484.0,
        "q1": 13734.0,
        "q3": 15090.0,
        "iqr": 1356.0,
        "min": 12252.0,
        "max": 16452.0
      },
      "other_was_clamped": false,
      "encode_gpu_peak_allocated_bytes": 1043268608,
      "encode_gpu_peak_increment_bytes": 743126016,
      "graph_gpu_peak_allocated_bytes": 511618560,
      "graph_gpu_peak_increment_bytes": 378038272,
      "profiled_total_seconds": 13.887817861046642,
      "encode_percent": 49.076193050754384,
      "gnn_percent": 4.176060516941981,
      "other_percent": 46.747746432303636
    },
    {
      "repeat": 2,
      "encode_seconds": 7.047439972870052,
      "pipeline_wall_seconds": 6.868050343822688,
      "gnn_seconds": 0.5787976341247558,
      "gnn_core_seconds": 0.5549342384338379,
      "other_seconds": 6.289252709697932,
      "downstream_device_seconds": 0.5787976341247558,
      "downstream_noncore_device_seconds": 0.023863395690917888,
      "device_pipeline_seconds": 0.8087306842803955,
      "device_transfer_seconds": 0.2299330501556397,
      "loader_wait_seconds": 6.049398882314563,
      "measured_batches": 49,
      "measured_graphs": 3134,
      "measured_nodes": 292506,
      "measured_edges": 707478,
      "output_values": 34474,
      "nodes_per_batch": {
        "median": 5989.0,
        "q1": 5656.0,
        "q3": 6334.0,
        "iqr": 678.0,
        "min": 5011.0,
        "max": 6713.0
      },
      "edges_per_batch": {
        "median": 14484.0,
        "q1": 13734.0,
        "q3": 15090.0,
        "iqr": 1356.0,
        "min": 12252.0,
        "max": 16452.0
      },
      "other_was_clamped": false,
      "encode_gpu_peak_allocated_bytes": 1043268608,
      "encode_gpu_peak_increment_bytes": 743126016,
      "graph_gpu_peak_allocated_bytes": 511618560,
      "graph_gpu_peak_increment_bytes": 378038272,
      "profiled_total_seconds": 13.91549031669274,
      "encode_percent": 50.644568121441516,
      "gnn_percent": 4.159376500233282,
      "other_percent": 45.1960553783252
    },
    {
      "repeat": 3,
      "encode_seconds": 6.702530546113849,
      "pipeline_wall_seconds": 6.77111626509577,
      "gnn_seconds": 0.5842906255722046,
      "gnn_core_seconds": 0.5595910062789917,
      "other_seconds": 6.1868256395235655,
      "downstream_device_seconds": 0.5842906255722046,
      "downstream_noncore_device_seconds": 0.02469961929321285,
      "device_pipeline_seconds": 0.8138601589202881,
      "device_transfer_seconds": 0.2295695333480835,
      "loader_wait_seconds": 5.947519511450082,
      "measured_batches": 49,
      "measured_graphs": 3134,
      "measured_nodes": 292506,
      "measured_edges": 707478,
      "output_values": 34474,
      "nodes_per_batch": {
        "median": 5989.0,
        "q1": 5656.0,
        "q3": 6334.0,
        "iqr": 678.0,
        "min": 5011.0,
        "max": 6713.0
      },
      "edges_per_batch": {
        "median": 14484.0,
        "q1": 13734.0,
        "q3": 15090.0,
        "iqr": 1356.0,
        "min": 12252.0,
        "max": 16452.0
      },
      "other_was_clamped": false,
      "encode_gpu_peak_allocated_bytes": 1043268608,
      "encode_gpu_peak_increment_bytes": 743126016,
      "graph_gpu_peak_allocated_bytes": 511618560,
      "graph_gpu_peak_increment_bytes": 378038272,
      "profiled_total_seconds": 13.473646811209619,
      "encode_percent": 49.745481976992075,
      "gnn_percent": 4.336544023746374,
      "other_percent": 45.91797399926155
    },
    {
      "repeat": 4,
      "encode_seconds": 6.772210591007024,
      "pipeline_wall_seconds": 7.016707281116396,
      "gnn_seconds": 0.5825814723968505,
      "gnn_core_seconds": 0.5578567047119141,
      "other_seconds": 6.434125808719545,
      "downstream_device_seconds": 0.5825814723968505,
      "downstream_noncore_device_seconds": 0.024724767684936477,
      "device_pipeline_seconds": 0.812207836151123,
      "device_transfer_seconds": 0.22962636375427248,
      "loader_wait_seconds": 6.194681249093264,
      "measured_batches": 49,
      "measured_graphs": 3134,
      "measured_nodes": 292506,
      "measured_edges": 707478,
      "output_values": 34474,
      "nodes_per_batch": {
        "median": 5989.0,
        "q1": 5656.0,
        "q3": 6334.0,
        "iqr": 678.0,
        "min": 5011.0,
        "max": 6713.0
      },
      "edges_per_batch": {
        "median": 14484.0,
        "q1": 13734.0,
        "q3": 15090.0,
        "iqr": 1356.0,
        "min": 12252.0,
        "max": 16452.0
      },
      "other_was_clamped": false,
      "encode_gpu_peak_allocated_bytes": 1043268608,
      "encode_gpu_peak_increment_bytes": 743126016,
      "graph_gpu_peak_allocated_bytes": 511618560,
      "graph_gpu_peak_increment_bytes": 378038272,
      "profiled_total_seconds": 13.78891787212342,
      "encode_percent": 49.11343046504156,
      "gnn_percent": 4.224997768495202,
      "other_percent": 46.66157176646324
    },
    {
      "repeat": 5,
      "encode_seconds": 6.71591913420707,
      "pipeline_wall_seconds": 6.984250342939049,
      "gnn_seconds": 0.5811241302490234,
      "gnn_core_seconds": 0.556943808555603,
      "other_seconds": 6.403126212690026,
      "downstream_device_seconds": 0.5811241302490234,
      "downstream_noncore_device_seconds": 0.024180321693420437,
      "device_pipeline_seconds": 0.810524959564209,
      "device_transfer_seconds": 0.22940082931518557,
      "loader_wait_seconds": 6.164053139742464,
      "measured_batches": 49,
      "measured_graphs": 3134,
      "measured_nodes": 292506,
      "measured_edges": 707478,
      "output_values": 34474,
      "nodes_per_batch": {
        "median": 5989.0,
        "q1": 5656.0,
        "q3": 6334.0,
        "iqr": 678.0,
        "min": 5011.0,
        "max": 6713.0
      },
      "edges_per_batch": {
        "median": 14484.0,
        "q1": 13734.0,
        "q3": 15090.0,
        "iqr": 1356.0,
        "min": 12252.0,
        "max": 16452.0
      },
      "other_was_clamped": false,
      "encode_gpu_peak_allocated_bytes": 1043268608,
      "encode_gpu_peak_increment_bytes": 743126016,
      "graph_gpu_peak_allocated_bytes": 511618560,
      "graph_gpu_peak_increment_bytes": 378038272,
      "profiled_total_seconds": 13.700169477146119,
      "encode_percent": 49.02070113373563,
      "gnn_percent": 4.241729499904532,
      "other_percent": 46.73756936635985
    }
  ],
  "encode_scope": "all text entries in each base dataset texts.pkl: tokenizer + Transformer + pooling + embedding transfer to CPU; disk I/O and cache construction are excluded",
  "gnn_scope": "full model(batch) device execution: input projection, optional RWPE/JK logic, PyGRGCNEdge, and prediction head",
  "gnn_core_scope": "model.model (PyGRGCNEdge) device execution; diagnostic only",
  "other_scope": "full selected-loader wall time minus full GNN device execution; includes sampling, collate, H2D, and host/runtime overhead on the critical path",
  "ratio_scope": "additive phase profile: global encode plus complete selected-loader inference; not one continuous cache-build-to-prediction run",
  "representative_value": "each phase uses its median over repeats; percentages use the sum of those phase medians",
  "embedding_replay_note": "Timed embeddings are discarded. GNN inference consumes the existing offline cache built with the configured encoder, so profiled_total does not include writing or attaching the newly encoded features.",
  "metric_key": "test_WN18RR_eval/acc",
  "metric_name": "acc",
  "metric_value": 0.03573707863688469,
  "metric_state": "test_WN18RR_eval",
  "metric_scope": "separate untimed loader pass",
  "encoder_model_load_seconds_excluded": 3.5536198429763317,
  "task_model_load_seconds_excluded": 0.16931138234212995,
  "data_preparation_seconds_excluded": 1.0569108161143959,
  "warnings": [
    "No checkpoint was loaded; timing is valid, but the task metric uses random weights.",
    "The repository cache has no encoder fingerprint metadata, so matching the offline embedding cache to llm_name, max length, model revision, and pooling configuration must be verified manually."
  ]
}
