[2026-09-20 01:02:35,058] [INFO] [real_accelerator.py:161:get_accelerator] Setting ds_accelerator to cuda (auto detect)
Processing...
0
0
0
Saving...
Done!
/data1/xxr_data/new_conda/ofa/lib/python3.9/site-packages/torch_geometric/data/in_memory_dataset.py:284: UserWarning: It is not recommended to directly access the internal storage format `data` of an 'InMemoryDataset'. If you are absolutely certain what you are doing, access the internal storage via `InMemoryDataset._data` instead to suppress this warning. Alternatively, you can access stacked individual attributes of every graph via `dataset.{attr_name}`.
  warnings.warn(msg)
{
  "report_version": 3,
  "mode": "offline_heat_style",
  "strict_heat_reproduction": false,
  "heat_style_comparable": false,
  "embedding_cache_identity_verified": false,
  "task_names": [
    "WN18RR"
  ],
  "split": "test",
  "loader_index": 0,
  "full_loader": false,
  "full_dataset_sampling": true,
  "requested_batch_num": 1,
  "configured_sample_size": -1,
  "device": "cuda:0",
  "device_name": "NVIDIA H100 PCIe",
  "torch_version": "2.1.2+cu118",
  "model_dtype": "torch.float32",
  "llm_name": "ST",
  "gnn_model": "PyGRGCNEdge",
  "emb_dim": 768,
  "num_layers": 6,
  "JK": "last",
  "rwpe": null,
  "dropout": 0.0,
  "max_nodes_per_hop": 100,
  "configured_max_nodes_per_hop": 100,
  "seed": 1,
  "graph_batch_size": 64,
  "text_batch_size": 100,
  "max_text_length": 500,
  "num_workers": 0,
  "repeats": 1,
  "warmup_batches_requested": 1,
  "warmup_batches_executed": 1,
  "encode_warmup_batches_requested": 1,
  "encode_warmup_texts": 100,
  "checkpoint": null,
  "checkpoint_loaded": false,
  "weights": "random task-model initialization",
  "sampling_hops": [
    {
      "dataset_type": "SubgraphKGHierDataset",
      "original_hops": 2,
      "effective_hops": 2,
      "max_nodes_per_hop": 100
    }
  ],
  "text_manifest": [
    {
      "dataset": "WN18RR",
      "text_path": "cache_data/WN18RR/ST/processed/texts.pkl",
      "text_entries": 40982,
      "text_leaf_groups": 5,
      "text_encoder_micro_batches": 414
    }
  ],
  "encoded_text_entries": 40982,
  "text_leaf_groups": 5,
  "text_encoder_micro_batches": 414,
  "measured_batches": 1,
  "measured_graphs": 64,
  "measured_nodes": 5438,
  "measured_edges": 13382,
  "output_values": 704,
  "workload_size_consistent_across_repeats": true,
  "encode_seconds": 6.75780996773392,
  "gnn_seconds": 0.01148799991607666,
  "gnn_core_seconds": 0.011015199661254882,
  "other_seconds": 0.1351556568555534,
  "downstream_pipeline_seconds": 0.14664365677163005,
  "downstream_device_seconds": 0.01148799991607666,
  "profiled_total_seconds": 6.90445362450555,
  "encode_ratio": 0.978761004889488,
  "gnn_ratio": 0.001663853585069065,
  "other_ratio": 0.01957514152544291,
  "encode_percent": 97.87610048894881,
  "gnn_percent": 0.1663853585069065,
  "other_percent": 1.957514152544291,
  "gnn_core_percent_of_profiled_total": 0.1595376008053601,
  "gnn_seconds_per_batch": 0.01148799991607666,
  "gnn_core_seconds_per_batch": 0.011015199661254882,
  "timing_stats": {
    "encode_seconds": {
      "median": 6.75780996773392,
      "q1": 6.75780996773392,
      "q3": 6.75780996773392,
      "iqr": 0.0,
      "min": 6.75780996773392,
      "max": 6.75780996773392,
      "samples": [
        6.75780996773392
      ]
    },
    "gnn_seconds": {
      "median": 0.01148799991607666,
      "q1": 0.01148799991607666,
      "q3": 0.01148799991607666,
      "iqr": 0.0,
      "min": 0.01148799991607666,
      "max": 0.01148799991607666,
      "samples": [
        0.01148799991607666
      ]
    },
    "gnn_core_seconds": {
      "median": 0.011015199661254882,
      "q1": 0.011015199661254882,
      "q3": 0.011015199661254882,
      "iqr": 0.0,
      "min": 0.011015199661254882,
      "max": 0.011015199661254882,
      "samples": [
        0.011015199661254882
      ]
    },
    "other_seconds": {
      "median": 0.1351556568555534,
      "q1": 0.1351556568555534,
      "q3": 0.1351556568555534,
      "iqr": 0.0,
      "min": 0.1351556568555534,
      "max": 0.1351556568555534,
      "samples": [
        0.1351556568555534
      ]
    },
    "downstream_pipeline_seconds": {
      "median": 0.14664365677163005,
      "q1": 0.14664365677163005,
      "q3": 0.14664365677163005,
      "iqr": 0.0,
      "min": 0.14664365677163005,
      "max": 0.14664365677163005,
      "samples": [
        0.14664365677163005
      ]
    },
    "downstream_device_seconds": {
      "median": 0.01148799991607666,
      "q1": 0.01148799991607666,
      "q3": 0.01148799991607666,
      "iqr": 0.0,
      "min": 0.01148799991607666,
      "max": 0.01148799991607666,
      "samples": [
        0.01148799991607666
      ]
    },
    "loader_wait_seconds": {
      "median": 0.12875048909336329,
      "q1": 0.12875048909336329,
      "q3": 0.12875048909336329,
      "iqr": 0.0,
      "min": 0.12875048909336329,
      "max": 0.12875048909336329,
      "samples": [
        0.12875048909336329
      ]
    },
    "device_transfer_seconds": {
      "median": 0.0043455677032470715,
      "q1": 0.0043455677032470715,
      "q3": 0.0043455677032470715,
      "iqr": 0.0,
      "min": 0.0043455677032470715,
      "max": 0.0043455677032470715,
      "samples": [
        0.0043455677032470715
      ]
    },
    "paired_profiled_total_seconds": {
      "median": 6.90445362450555,
      "q1": 6.90445362450555,
      "q3": 6.90445362450555,
      "iqr": 0.0,
      "min": 6.90445362450555,
      "max": 6.90445362450555,
      "samples": [
        6.90445362450555
      ]
    }
  },
  "runs": [
    {
      "repeat": 1,
      "encode_seconds": 6.75780996773392,
      "pipeline_wall_seconds": 0.14664365677163005,
      "gnn_seconds": 0.01148799991607666,
      "gnn_core_seconds": 0.011015199661254882,
      "other_seconds": 0.1351556568555534,
      "downstream_device_seconds": 0.01148799991607666,
      "downstream_noncore_device_seconds": 0.0004728002548217772,
      "device_pipeline_seconds": 0.01583356761932373,
      "device_transfer_seconds": 0.0043455677032470715,
      "loader_wait_seconds": 0.12875048909336329,
      "measured_batches": 1,
      "measured_graphs": 64,
      "measured_nodes": 5438,
      "measured_edges": 13382,
      "output_values": 704,
      "nodes_per_batch": {
        "median": 5438.0,
        "q1": 5438.0,
        "q3": 5438.0,
        "iqr": 0.0,
        "min": 5438.0,
        "max": 5438.0
      },
      "edges_per_batch": {
        "median": 13382.0,
        "q1": 13382.0,
        "q3": 13382.0,
        "iqr": 0.0,
        "min": 13382.0,
        "max": 13382.0
      },
      "other_was_clamped": false,
      "encode_gpu_peak_allocated_bytes": 1043268608,
      "encode_gpu_peak_increment_bytes": 743126016,
      "graph_gpu_peak_allocated_bytes": 437210624,
      "graph_gpu_peak_increment_bytes": 303630336,
      "profiled_total_seconds": 6.90445362450555,
      "encode_percent": 97.87610048894881,
      "gnn_percent": 0.1663853585069065,
      "other_percent": 1.957514152544291
    }
  ],
  "encode_scope": "all text entries in each base dataset texts.pkl: tokenizer + Transformer + pooling + embedding transfer to CPU; disk I/O and cache construction are excluded",
  "gnn_scope": "full model(batch) device execution: input projection, optional RWPE/JK logic, PyGRGCNEdge, and prediction head",
  "gnn_core_scope": "model.model (PyGRGCNEdge) device execution; diagnostic only",
  "other_scope": "full selected-loader wall time minus full GNN device execution; includes sampling, collate, H2D, and host/runtime overhead on the critical path",
  "ratio_scope": "additive phase profile: global encode plus complete selected-loader inference; not one continuous cache-build-to-prediction run",
  "representative_value": "each phase uses its median over repeats; percentages use the sum of those phase medians",
  "embedding_replay_note": "Timed embeddings are discarded. GNN inference consumes the existing offline cache built with the configured encoder, so profiled_total does not include writing or attaching the newly encoded features.",
  "metric_key": null,
  "metric_name": null,
  "metric_value": null,
  "metric_state": null,
  "metric_scope": "skipped by --skip-metric",
  "encoder_model_load_seconds_excluded": 2.3553101220168173,
  "task_model_load_seconds_excluded": 0.14799218997359276,
  "data_preparation_seconds_excluded": 8.888053733855486,
  "warnings": [
    "No checkpoint was loaded; timing is valid, but the task metric uses random weights.",
    "Global encoding is compared with only part of the graph loader; do not compare this ratio with HEAT.",
    "HEAT-style reporting should use --split test --loader-index 0 --batch-num -1.",
    "The repository cache has no encoder fingerprint metadata, so matching the offline embedding cache to llm_name, max length, model revision, and pooling configuration must be verified manually."
  ]
}
