[2026-09-19 14:12:22,565] [INFO] [real_accelerator.py:161:get_accelerator] Setting ds_accelerator to cuda (auto detect)
/data1/xxr_data/new_conda/ofa/lib/python3.9/site-packages/torch_geometric/data/in_memory_dataset.py:284: UserWarning: It is not recommended to directly access the internal storage format `data` of an 'InMemoryDataset'. If you are absolutely certain what you are doing, access the internal storage via `InMemoryDataset._data` instead to suppress this warning. Alternatively, you can access stacked individual attributes of every graph via `dataset.{attr_name}`.
  warnings.warn(msg)
[encode_timing] _prepare_graph_texts=0.156 ms, _encode_texts=239.421 ms, _restore_graph_text_features=4.946 ms
[encode_timing] _prepare_graph_texts=6.148 ms, _encode_texts=119.690 ms, _restore_graph_text_features=0.165 ms
[encode_timing] _prepare_graph_texts=0.241 ms, _encode_texts=121.104 ms, _restore_graph_text_features=0.147 ms
[encode_timing] _prepare_graph_texts=0.195 ms, _encode_texts=120.196 ms, _restore_graph_text_features=0.863 ms
[encode_timing] _prepare_graph_texts=0.217 ms, _encode_texts=120.680 ms, _restore_graph_text_features=0.156 ms
[encode_timing] _prepare_graph_texts=0.113 ms, _encode_texts=120.262 ms, _restore_graph_text_features=0.826 ms
[encode_timing] _prepare_graph_texts=5.316 ms, _encode_texts=120.031 ms, _restore_graph_text_features=0.155 ms
[encode_timing] _prepare_graph_texts=0.107 ms, _encode_texts=123.351 ms, _restore_graph_text_features=0.170 ms
[encode_timing] _prepare_graph_texts=6.689 ms, _encode_texts=120.154 ms, _restore_graph_text_features=0.159 ms
[encode_timing] _prepare_graph_texts=0.218 ms, _encode_texts=126.270 ms, _restore_graph_text_features=0.233 ms
{
  "scope": "total=model(g); encode=text preparation + tokenize + Transformer + feature restoration; gnn_and_head=total - encode and includes projection, optional RWPE/attention, GNN, and prediction head; DataLoader, device transfer, and benchmark input construction excluded; CUDA synchronized at the forward start, encode boundary, and forward end",
  "config": {
    "task_names": [
      "pubmed_node"
    ],
    "split": "test",
    "device": "cuda:0",
    "llm_name": "ST",
    "graph_batch_size": 1,
    "text_batch_size": 500,
    "max_text_length": 500,
    "measured_batches": 1,
    "repeats": 3,
    "rtol": 0.0001,
    "atol": 1e-05
  },
  "batch_workload": {
    "graph_count": {
      "min": 1,
      "mean": 1.0,
      "max": 1
    },
    "node_count": {
      "min": 74,
      "mean": 74.0,
      "max": 74
    },
    "edge_count": {
      "min": 178,
      "mean": 178.0,
      "max": 178
    },
    "text_count": {
      "min": 252,
      "mean": 252.0,
      "max": 252
    },
    "unique_text_count": {
      "min": 76,
      "mean": 76.0,
      "max": 76
    }
  },
  "seconds_per_batch": {
    "fixed_width_numpy": {
      "total": 0.1338321822695434,
      "encode": 0.12616058206185699,
      "gnn_and_head": 0.007671600207686424
    },
    "object_numpy": {
      "total": 0.12915305700153112,
      "encode": 0.12164117582142353,
      "gnn_and_head": 0.0075118811801075935
    },
    "python_hash": {
      "total": 0.12913248408585787,
      "encode": 0.12136252271011472,
      "gnn_and_head": 0.007769961375743151
    }
  },
  "result": {
    "fastest_path": "python_hash",
    "object_numpy_faster_than_fixed_width": true,
    "python_hash_faster_than_fixed_width": true,
    "python_hash_faster_than_object_numpy": true,
    "object_numpy_speedup_vs_fixed_width": 1.0362293032518526,
    "python_hash_speedup_vs_fixed_width": 1.0363943915193392,
    "python_hash_speedup_vs_object_numpy": 1.0001593163472298
  },
  "outputs_match": true,
  "fixed_width": {
    "status": "measured",
    "measured_batches": 1,
    "max_input_gib": 0.0009068921208381653,
    "max_estimated_peak_gib": 0.012671597301959991,
    "inferred_node_dtypes": [
      "<U3131"
    ],
    "inferred_edge_dtypes": [
      "<U66"
    ]
  }
}
